src/actions/automations/index.ts(131,34): error TS2551: Property 'integrations' does not exist on type 'UserWithProfile'. Did you mean 'Integrations'?
src/actions/automations/index.ts(131,59): error TS2551: Property 'integrations' does not exist on type 'UserWithProfile'. Did you mean 'Integrations'?
src/actions/automations/index.ts(136,32): error TS2551: Property 'integrations' does not exist on type 'UserWithProfile'. Did you mean 'Integrations'?
src/actions/integrations/index.ts(57,79): error TS2551: Property 'integrations' does not exist on type 'UserWithInstagramIntegrations'. Did you mean 'Integrations'?
src/actions/integrations/index.ts(59,39): error TS2551: Property 'integrations' does not exist on type 'UserWithInstagramIntegrations'. Did you mean 'Integrations'?
src/app/(protected)/dashboard/[slug]/integrations/_components/integration-card/index.tsx(25,36): error TS2551: Property 'integrations' does not exist on type 'UserWithProfile'. Did you mean 'Integrations'?
src/components/global/billing/index.tsx(14,34): error TS2551: Property 'subscription' does not exist on type 'UserWithProfile'. Did you mean 'Subscription'?
src/components/global/billing/index.tsx(19,34): error TS2551: Property 'subscription' does not exist on type 'UserWithProfile'. Did you mean 'Subscription'?
src/components/global/subscription-plan/index.tsx(11,24): error TS2551: Property 'subscription' does not exist on type 'UserWithProfile'. Did you mean 'Subscription'?
